=== UserService restore ===
=== UserService migrations add 20260603000000_InitialIdentityTenant ===
Build started...
Build failed. Use dotnet build to see the errors.

MIGRATION ADD FAILED (exit 1)
=== SetupService restore ===
=== SetupService migrations add 20260603000000_InitialSetupGlo ===
Build started...
Build failed. Use dotnet build to see the errors.

MIGRATION ADD FAILED (exit 1)
=== FileService restore ===
=== FileService migrations add 20260603000000_InitialFile ===
Build started...
Build failed. Use dotnet build to see the errors.

MIGRATION ADD FAILED (exit 1)
=== AuditService restore ===
=== AuditService migrations add 20260603000000_InitialAudit ===
Build started...
Build failed. Use dotnet build to see the errors.

MIGRATION ADD FAILED (exit 1)
=== BillingService restore ===
=== BillingService migrations add InitialSchema ===
Build started...
Build succeeded.
The Entity Framework tools version '10.0.0' is older than that of the runtime '10.0.8'. Update the tools for the latest features and bug fixes. See https://aka.ms/AAc1fbw for more information.
Done. To undo this action, use 'ef migrations remove'

=== BillingService script -> src\BillingService\Fgs.Billing.Infrastructure\Database\Scripts\Execute\InitialSchema_up.sql ===
Build started...
Build succeeded.
The Entity Framework tools version '10.0.0' is older than that of the runtime '10.0.8'. Update the tools for the latest features and bug fixes. See https://aka.ms/AAc1fbw for more information.

=== CrmService restore ===
=== CrmService migrations add InitialSchema ===
Build started...
Build succeeded.
The Entity Framework tools version '10.0.0' is older than that of the runtime '10.0.8'. Update the tools for the latest features and bug fixes. See https://aka.ms/AAc1fbw for more information.
Done. To undo this action, use 'ef migrations remove'

=== CrmService script -> src\CrmService\Fgs.Crm.Infrastructure\Database\Scripts\Execute\InitialSchema_up.sql ===
Build started...
Build succeeded.
The Entity Framework tools version '10.0.0' is older than that of the runtime '10.0.8'. Update the tools for the latest features and bug fixes. See https://aka.ms/AAc1fbw for more information.

=== DispatchService restore ===
=== DispatchService migrations add InitialSchema ===
Build started...
Build succeeded.
The Entity Framework tools version '10.0.0' is older than that of the runtime '10.0.8'. Update the tools for the latest features and bug fixes. See https://aka.ms/AAc1fbw for more information.
Done. To undo this action, use 'ef migrations remove'

=== DispatchService script -> src\DispatchService\Fgs.Dispatch.Infrastructure\Database\Scripts\Execute\InitialSchema_up.sql ===
Build started...
Build succeeded.
The Entity Framework tools version '10.0.0' is older than that of the runtime '10.0.8'. Update the tools for the latest features and bug fixes. See https://aka.ms/AAc1fbw for more information.

=== InventoryService restore ===
=== InventoryService migrations add InitialSchema ===
Build started...
Build succeeded.
The Entity Framework tools version '10.0.0' is older than that of the runtime '10.0.8'. Update the tools for the latest features and bug fixes. See https://aka.ms/AAc1fbw for more information.
Done. To undo this action, use 'ef migrations remove'

=== InventoryService script -> src\InventoryService\Fgs.Inventory.Infrastructure\Database\Scripts\Execute\InitialSchema_up.sql ===
Build started...
Build succeeded.
The Entity Framework tools version '10.0.0' is older than that of the runtime '10.0.8'. Update the tools for the latest features and bug fixes. See https://aka.ms/AAc1fbw for more information.

=== ReportingService restore ===
=== ReportingService migrations add InitialSchema ===
Build started...
Build succeeded.
The Entity Framework tools version '10.0.0' is older than that of the runtime '10.0.8'. Update the tools for the latest features and bug fixes. See https://aka.ms/AAc1fbw for more information.
Done. To undo this action, use 'ef migrations remove'

=== ReportingService script -> src\ReportingService\Fgs.Reporting.Infrastructure\Database\Scripts\Execute\InitialSchema_up.sql ===
Build started...
Build succeeded.
The Entity Framework tools version '10.0.0' is older than that of the runtime '10.0.8'. Update the tools for the latest features and bug fixes. See https://aka.ms/AAc1fbw for more information.

=== JobService restore ===
=== JobService migrations add InitialSchema ===
Build started...
Build succeeded.
The Entity Framework tools version '10.0.0' is older than that of the runtime '10.0.8'. Update the tools for the latest features and bug fixes. See https://aka.ms/AAc1fbw for more information.
Done. To undo this action, use 'ef migrations remove'

=== JobService script -> src\JobService\Fgs.Job.Infrastructure\Database\Scripts\Execute\InitialSchema_up.sql ===
Build started...
Build succeeded.
The Entity Framework tools version '10.0.0' is older than that of the runtime '10.0.8'. Update the tools for the latest features and bug fixes. See https://aka.ms/AAc1fbw for more information.

